[     127ms] [INFO] %cDownload the React DevTools for a better development experience: https://react.dev/link/react-devtools font-weight:bold @ http://localhost:3000/_next/static/chunks/1av1_next_dist_0g35wfr._.js:2477
[     175ms] [LOG] [HMR] connected @ http://localhost:3000/_next/static/chunks/1av1_next_dist_0g35wfr._.js:2477
[  220066ms] [LOG] [Fast Refresh] rebuilding @ http://localhost:3000/_next/static/chunks/1av1_next_dist_0g35wfr._.js:2477
[  220242ms] [LOG] [Fast Refresh] done in 277ms @ http://localhost:3000/_next/static/chunks/1av1_next_dist_0g35wfr._.js:2477
[  656268ms] [LOG] [Fast Refresh] rebuilding @ http://localhost:3000/_next/static/chunks/1av1_next_dist_0g35wfr._.js:2477
[  656369ms] [LOG] [Fast Refresh] done in 117ms @ http://localhost:3000/_next/static/chunks/1av1_next_dist_0g35wfr._.js:2477
[  661790ms] [LOG] [Fast Refresh] rebuilding @ http://localhost:3000/_next/static/chunks/1av1_next_dist_0g35wfr._.js:2477
[  661848ms] [LOG] [Fast Refresh] done in 133ms @ http://localhost:3000/_next/static/chunks/1av1_next_dist_0g35wfr._.js:2477
[  665898ms] [LOG] [Fast Refresh] rebuilding @ http://localhost:3000/_next/static/chunks/1av1_next_dist_0g35wfr._.js:2477
[  665923ms] [LOG] [Fast Refresh] done in 41ms @ http://localhost:3000/_next/static/chunks/1av1_next_dist_0g35wfr._.js:2477
[ 1128151ms] [LOG] [Fast Refresh] rebuilding @ http://localhost:3000/_next/static/chunks/1av1_next_dist_0g35wfr._.js:2477
[ 1128212ms] [LOG] [Fast Refresh] done in 164ms @ http://localhost:3000/_next/static/chunks/1av1_next_dist_0g35wfr._.js:2477
[ 1151700ms] [LOG] [Fast Refresh] rebuilding @ http://localhost:3000/_next/static/chunks/1av1_next_dist_0g35wfr._.js:2477
[ 1151907ms] [LOG] [Fast Refresh] done in 22ms @ http://localhost:3000/_next/static/chunks/1av1_next_dist_0g35wfr._.js:2477
[ 1151954ms] ReferenceError: Cannot access 'submit' before initialization
    at ModelCard (http://localhost:3000/_next/static/chunks/_0o5ld45._.js?id=%255Bproject%255D%252Fcomponents%252Fmodel-card.tsx+%255Bapp-client%255D+%2528ecmascript%2529:82:9)
    at Object.react_stack_bottom_frame (http://localhost:3000/_next/static/chunks/1av1_next_dist_compiled_react-dom_1ze_pcn._.js:15037:24)
    at renderWithHooks (http://localhost:3000/_next/static/chunks/1av1_next_dist_compiled_react-dom_1ze_pcn._.js:4620:24)
    at updateFunctionComponent (http://localhost:3000/_next/static/chunks/1av1_next_dist_compiled_react-dom_1ze_pcn._.js:6081:21)
    at beginWork (http://localhost:3000/_next/static/chunks/1av1_next_dist_compiled_react-dom_1ze_pcn._.js:6691:24)
    at runWithFiberInDEV (http://localhost:3000/_next/static/chunks/1av1_next_dist_compiled_react-dom_1ze_pcn._.js:965:74)
    at performUnitOfWork (http://localhost:3000/_next/static/chunks/1av1_next_dist_compiled_react-dom_1ze_pcn._.js:9555:97)
    at workLoopSync (http://localhost:3000/_next/static/chunks/1av1_next_dist_compiled_react-dom_1ze_pcn._.js:9449:40)
    at renderRootSync (http://localhost:3000/_next/static/chunks/1av1_next_dist_compiled_react-dom_1ze_pcn._.js:9433:13)
    at performWorkOnRoot (http://localhost:3000/_next/static/chunks/1av1_next_dist_compiled_react-dom_1ze_pcn._.js:9061:186)
    at performSyncWorkOnRoot (http://localhost:3000/_next/static/chunks/1av1_next_dist_compiled_react-dom_1ze_pcn._.js:10263:9)
    at flushSyncWorkAcrossRoots_impl (http://localhost:3000/_next/static/chunks/1av1_next_dist_compiled_react-dom_1ze_pcn._.js:10179:316)
    at flushSpawnedWork (http://localhost:3000/_next/static/chunks/1av1_next_dist_compiled_react-dom_1ze_pcn._.js:9939:13)
    at commitRoot (http://localhost:3000/_next/static/chunks/1av1_next_dist_compiled_react-dom_1ze_pcn._.js:9746:441)
    at completeRoot (http://localhost:3000/_next/static/chunks/1av1_next_dist_compiled_react-dom_1ze_pcn._.js:9711:13)
    at completeRootWhenReady (http://localhost:3000/_next/static/chunks/1av1_next_dist_compiled_react-dom_1ze_pcn._.js:9187:9)
    at performWorkOnRoot (http://localhost:3000/_next/static/chunks/1av1_next_dist_compiled_react-dom_1ze_pcn._.js:9159:25)
    at performWorkOnRootViaSchedulerTask (http://localhost:3000/_next/static/chunks/1av1_next_dist_compiled_react-dom_1ze_pcn._.js:10255:9)
    at MessagePort.performWorkUntilDeadline (http://localhost:3000/_next/static/chunks/1av1_next_dist_compiled_1qwsn5f._.js:2647:64)
[ 1158615ms] [LOG] [Fast Refresh] rebuilding @ http://localhost:3000/_next/static/chunks/1av1_next_dist_0g35wfr._.js:2477
[ 1158617ms] [WARNING] [Fast Refresh] performing full reload because your application had an unrecoverable error @ http://localhost:3000/_next/static/chunks/1av1_next_dist_0g35wfr._.js:2477
[ 1158643ms] [LOG] [Fast Refresh] done in 49ms @ http://localhost:3000/_next/static/chunks/1av1_next_dist_0g35wfr._.js:2477
[ 1158748ms] [LOG] [Fast Refresh] rebuilding @ http://localhost:3000/_next/static/chunks/1av1_next_dist_0g35wfr._.js:2477
[ 1158820ms] [LOG] [Fast Refresh] done in 173ms @ http://localhost:3000/_next/static/chunks/1av1_next_dist_0g35wfr._.js:2477
[ 1158906ms] [INFO] %cDownload the React DevTools for a better development experience: https://react.dev/link/react-devtools font-weight:bold @ http://localhost:3000/_next/static/chunks/1av1_next_dist_0g35wfr._.js:2477
[ 1158927ms] [LOG] [HMR] connected @ http://localhost:3000/_next/static/chunks/1av1_next_dist_0g35wfr._.js:2477
[ 1729651ms] [LOG] [Fast Refresh] rebuilding @ http://localhost:3000/_next/static/chunks/1av1_next_dist_0g35wfr._.js:2477
[ 1730018ms] [LOG] [Fast Refresh] done in 467ms @ http://localhost:3000/_next/static/chunks/1av1_next_dist_0g35wfr._.js:2477
[ 1730119ms] [LOG] [Fast Refresh] rebuilding @ http://localhost:3000/_next/static/chunks/1av1_next_dist_0g35wfr._.js:2477
[ 1730170ms] [LOG] [Fast Refresh] done in 151ms @ http://localhost:3000/_next/static/chunks/1av1_next_dist_0g35wfr._.js:2477
[ 1730329ms] [LOG] [Fast Refresh] rebuilding @ http://localhost:3000/_next/static/chunks/1av1_next_dist_0g35wfr._.js:2477
[ 1730906ms] [LOG] [Fast Refresh] done in 678ms @ http://localhost:3000/_next/static/chunks/1av1_next_dist_0g35wfr._.js:2477
[ 1731176ms] [LOG] [Fast Refresh] rebuilding @ http://localhost:3000/_next/static/chunks/1av1_next_dist_0g35wfr._.js:2477
[ 1731247ms] [LOG] [Fast Refresh] done in 25ms @ http://localhost:3000/_next/static/chunks/1av1_next_dist_0g35wfr._.js:2477
[ 1731348ms] [LOG] [Fast Refresh] rebuilding @ http://localhost:3000/_next/static/chunks/1av1_next_dist_0g35wfr._.js:2477
[ 1731388ms] [LOG] [Fast Refresh] done in 141ms @ http://localhost:3000/_next/static/chunks/1av1_next_dist_0g35wfr._.js:2477
[ 1738421ms] [LOG] [Fast Refresh] rebuilding @ http://localhost:3000/_next/static/chunks/1av1_next_dist_0g35wfr._.js:2477
[ 1738586ms] [LOG] [Fast Refresh] done in 24ms @ http://localhost:3000/_next/static/chunks/1av1_next_dist_0g35wfr._.js:2477
[ 1928165ms] [LOG] [Fast Refresh] rebuilding @ http://localhost:3000/_next/static/chunks/1av1_next_dist_0g35wfr._.js:2477
[ 1928195ms] [LOG] [Fast Refresh] done in 133ms @ http://localhost:3000/_next/static/chunks/1av1_next_dist_0g35wfr._.js:2477
[ 2509564ms] [ERROR] WebSocket connection to 'ws://localhost:3000/_next/webpack-hmr?id=3hUxlkI4frVP0jfnCbzDR' failed: Error during WebSocket handshake: Unexpected response code: 404 @ http://localhost:3000/_next/static/chunks/1av1_next_dist_client_0e2p1kr._.js:13422
[ 2510566ms] [ERROR] WebSocket connection to 'ws://localhost:3000/_next/webpack-hmr?id=3hUxlkI4frVP0jfnCbzDR' failed: Error during WebSocket handshake: Unexpected response code: 404 @ http://localhost:3000/_next/static/chunks/1av1_next_dist_client_0e2p1kr._.js:13422
[ 2511570ms] [ERROR] WebSocket connection to 'ws://localhost:3000/_next/webpack-hmr?id=3hUxlkI4frVP0jfnCbzDR' failed: Error during WebSocket handshake: Unexpected response code: 404 @ http://localhost:3000/_next/static/chunks/1av1_next_dist_client_0e2p1kr._.js:13422
[ 2512573ms] [ERROR] WebSocket connection to 'ws://localhost:3000/_next/webpack-hmr?id=3hUxlkI4frVP0jfnCbzDR' failed: Error during WebSocket handshake: Unexpected response code: 404 @ http://localhost:3000/_next/static/chunks/1av1_next_dist_client_0e2p1kr._.js:13422
[ 2513576ms] [ERROR] WebSocket connection to 'ws://localhost:3000/_next/webpack-hmr?id=3hUxlkI4frVP0jfnCbzDR' failed: Error during WebSocket handshake: Unexpected response code: 404 @ http://localhost:3000/_next/static/chunks/1av1_next_dist_client_0e2p1kr._.js:13422
[ 2518583ms] [ERROR] WebSocket connection to 'ws://localhost:3000/_next/webpack-hmr?id=3hUxlkI4frVP0jfnCbzDR' failed: Error during WebSocket handshake: Unexpected response code: 404 @ http://localhost:3000/_next/static/chunks/1av1_next_dist_client_0e2p1kr._.js:13422
[ 2523586ms] [ERROR] WebSocket connection to 'ws://localhost:3000/_next/webpack-hmr?id=3hUxlkI4frVP0jfnCbzDR' failed: Error during WebSocket handshake: Unexpected response code: 404 @ http://localhost:3000/_next/static/chunks/1av1_next_dist_client_0e2p1kr._.js:13422
[ 2528611ms] [ERROR] WebSocket connection to 'ws://localhost:3000/_next/webpack-hmr?id=3hUxlkI4frVP0jfnCbzDR' failed: Error during WebSocket handshake: Unexpected response code: 404 @ http://localhost:3000/_next/static/chunks/1av1_next_dist_client_0e2p1kr._.js:13422
[ 2533654ms] [ERROR] WebSocket connection to 'ws://localhost:3000/_next/webpack-hmr?id=3hUxlkI4frVP0jfnCbzDR' failed: Error during WebSocket handshake: Unexpected response code: 404 @ http://localhost:3000/_next/static/chunks/1av1_next_dist_client_0e2p1kr._.js:13422
[ 2538688ms] [ERROR] WebSocket connection to 'ws://localhost:3000/_next/webpack-hmr?id=3hUxlkI4frVP0jfnCbzDR' failed: Error during WebSocket handshake: Unexpected response code: 404 @ http://localhost:3000/_next/static/chunks/1av1_next_dist_client_0e2p1kr._.js:13422
[ 2543832ms] [ERROR] WebSocket connection to 'ws://localhost:3000/_next/webpack-hmr?id=3hUxlkI4frVP0jfnCbzDR' failed: Error during WebSocket handshake: Unexpected response code: 404 @ http://localhost:3000/_next/static/chunks/1av1_next_dist_client_0e2p1kr._.js:13422
[ 2548954ms] [ERROR] WebSocket connection to 'ws://localhost:3000/_next/webpack-hmr?id=3hUxlkI4frVP0jfnCbzDR' failed: Error during WebSocket handshake: Unexpected response code: 404 @ http://localhost:3000/_next/static/chunks/1av1_next_dist_client_0e2p1kr._.js:13422
[ 2548996ms] [ERROR] Failed to load resource: the server responded with a status of 404 (Not Found) @ http://localhost:3000/:0
