[    2502ms] [INFO] %cDownload the React DevTools for a better development experience: https://react.dev/link/react-devtools font-weight:bold @ http://localhost:3000/_next/static/chunks/1av1_next_dist_0g35wfr._.js:2477
[    2548ms] [LOG] [HMR] connected @ http://localhost:3000/_next/static/chunks/1av1_next_dist_0g35wfr._.js:2477
[    9294ms] [LOG] [Fast Refresh] rebuilding @ http://localhost:3000/_next/static/chunks/1av1_next_dist_0g35wfr._.js:2477
[    9799ms] [LOG] [Fast Refresh] done in 606ms @ http://localhost:3000/_next/static/chunks/1av1_next_dist_0g35wfr._.js:2477
[   16287ms] TypeError: Cannot read properties of undefined (reading 'bg')
    at DecisionBadge (http://localhost:3000/_next/static/chunks/_0o5ld45._.js:1381:24)
    at Object.react_stack_bottom_frame (http://localhost:3000/_next/static/chunks/1av1_next_dist_compiled_react-dom_1ze_pcn._.js:15037:24)
    at renderWithHooks (http://localhost:3000/_next/static/chunks/1av1_next_dist_compiled_react-dom_1ze_pcn._.js:4620:24)
    at updateFunctionComponent (http://localhost:3000/_next/static/chunks/1av1_next_dist_compiled_react-dom_1ze_pcn._.js:6081:21)
    at beginWork (http://localhost:3000/_next/static/chunks/1av1_next_dist_compiled_react-dom_1ze_pcn._.js:6691:24)
    at runWithFiberInDEV (http://localhost:3000/_next/static/chunks/1av1_next_dist_compiled_react-dom_1ze_pcn._.js:965:74)
    at performUnitOfWork (http://localhost:3000/_next/static/chunks/1av1_next_dist_compiled_react-dom_1ze_pcn._.js:9555:97)
    at workLoopSync (http://localhost:3000/_next/static/chunks/1av1_next_dist_compiled_react-dom_1ze_pcn._.js:9449:40)
    at renderRootSync (http://localhost:3000/_next/static/chunks/1av1_next_dist_compiled_react-dom_1ze_pcn._.js:9433:13)
    at performWorkOnRoot (http://localhost:3000/_next/static/chunks/1av1_next_dist_compiled_react-dom_1ze_pcn._.js:9098:47)
    at performSyncWorkOnRoot (http://localhost:3000/_next/static/chunks/1av1_next_dist_compiled_react-dom_1ze_pcn._.js:10263:9)
    at flushSyncWorkAcrossRoots_impl (http://localhost:3000/_next/static/chunks/1av1_next_dist_compiled_react-dom_1ze_pcn._.js:10179:316)
    at processRootScheduleInMicrotask (http://localhost:3000/_next/static/chunks/1av1_next_dist_compiled_react-dom_1ze_pcn._.js:10200:106)
    at http://localhost:3000/_next/static/chunks/1av1_next_dist_compiled_react-dom_1ze_pcn._.js:10274:158
[   30667ms] [LOG] [Fast Refresh] rebuilding @ http://localhost:3000/_next/static/chunks/1av1_next_dist_0g35wfr._.js:2477
[   30668ms] [WARNING] [Fast Refresh] performing full reload because your application had an unrecoverable error @ http://localhost:3000/_next/static/chunks/1av1_next_dist_0g35wfr._.js:2477
[   30718ms] [LOG] [Fast Refresh] done in 60ms @ http://localhost:3000/_next/static/chunks/1av1_next_dist_0g35wfr._.js:2477
[   30748ms] [INFO] %cDownload the React DevTools for a better development experience: https://react.dev/link/react-devtools font-weight:bold @ http://localhost:3000/_next/static/chunks/1av1_next_dist_0g35wfr._.js:2477
[   30769ms] [LOG] [HMR] connected @ http://localhost:3000/_next/static/chunks/1av1_next_dist_0g35wfr._.js:2477
